
Discarded input sections

 .text          0x00000000        0x0 ..\obj\stm32f4xx_syscfg.o
 .data          0x00000000        0x0 ..\obj\stm32f4xx_syscfg.o
 .bss           0x00000000        0x0 ..\obj\stm32f4xx_syscfg.o
 .text.SYSCFG_DeInit
                0x00000000       0x1c ..\obj\stm32f4xx_syscfg.o
 .text.SYSCFG_MemoryRemapConfig
                0x00000000       0x20 ..\obj\stm32f4xx_syscfg.o
 .text.SYSCFG_EXTILineConfig
                0x00000000       0x84 ..\obj\stm32f4xx_syscfg.o
 .text.SYSCFG_ETH_MediaInterfaceConfig
                0x00000000       0x1c ..\obj\stm32f4xx_syscfg.o
 .text.SYSCFG_CompensationCellCmd
                0x00000000       0x20 ..\obj\stm32f4xx_syscfg.o
 .text.SYSCFG_GetCompensationCellStatus
                0x00000000       0x30 ..\obj\stm32f4xx_syscfg.o
 .debug_info    0x00000000      0x274 ..\obj\stm32f4xx_syscfg.o
 .debug_abbrev  0x00000000      0x133 ..\obj\stm32f4xx_syscfg.o
 .debug_aranges
                0x00000000       0x48 ..\obj\stm32f4xx_syscfg.o
 .debug_ranges  0x00000000       0x38 ..\obj\stm32f4xx_syscfg.o
 .debug_line    0x00000000      0x210 ..\obj\stm32f4xx_syscfg.o
 .debug_str     0x00000000      0x2eb ..\obj\stm32f4xx_syscfg.o
 .comment       0x00000000       0x6f ..\obj\stm32f4xx_syscfg.o
 .debug_frame   0x00000000       0xf4 ..\obj\stm32f4xx_syscfg.o
 .ARM.attributes
                0x00000000       0x33 ..\obj\stm32f4xx_syscfg.o
 .text          0x00000000        0x0 ..\obj\stm32f4xx_usart.o
 .data          0x00000000        0x0 ..\obj\stm32f4xx_usart.o
 .bss           0x00000000        0x0 ..\obj\stm32f4xx_usart.o
 .text.USART_DeInit
                0x00000000       0xd4 ..\obj\stm32f4xx_usart.o
 .text.USART_StructInit
                0x00000000       0x38 ..\obj\stm32f4xx_usart.o
 .text.USART_ClockInit
                0x00000000       0x54 ..\obj\stm32f4xx_usart.o
 .text.USART_ClockStructInit
                0x00000000       0x2c ..\obj\stm32f4xx_usart.o
 .text.USART_SetPrescaler
                0x00000000       0x38 ..\obj\stm32f4xx_usart.o
 .text.USART_OverSampling8Cmd
                0x00000000       0x44 ..\obj\stm32f4xx_usart.o
 .text.USART_OneBitMethodCmd
                0x00000000       0x40 ..\obj\stm32f4xx_usart.o
 .text.USART_ReceiveData
                0x00000000       0x20 ..\obj\stm32f4xx_usart.o
 .text.USART_SetAddress
                0x00000000       0x38 ..\obj\stm32f4xx_usart.o
 .text.USART_ReceiverWakeUpCmd
                0x00000000       0x40 ..\obj\stm32f4xx_usart.o
 .text.USART_WakeUpConfig
                0x00000000       0x38 ..\obj\stm32f4xx_usart.o
 .text.USART_LINBreakDetectLengthConfig
                0x00000000       0x38 ..\obj\stm32f4xx_usart.o
 .text.USART_LINCmd
                0x00000000       0x40 ..\obj\stm32f4xx_usart.o
 .text.USART_SendBreak
                0x00000000       0x24 ..\obj\stm32f4xx_usart.o
 .text.USART_HalfDuplexCmd
                0x00000000       0x40 ..\obj\stm32f4xx_usart.o
 .text.USART_SetGuardTime
                0x00000000       0x3c ..\obj\stm32f4xx_usart.o
 .text.USART_SmartCardCmd
                0x00000000       0x40 ..\obj\stm32f4xx_usart.o
 .text.USART_SmartCardNACKCmd
                0x00000000       0x40 ..\obj\stm32f4xx_usart.o
 .text.USART_IrDAConfig
                0x00000000       0x38 ..\obj\stm32f4xx_usart.o
 .text.USART_IrDACmd
                0x00000000       0x40 ..\obj\stm32f4xx_usart.o
 .text.USART_DMACmd
                0x00000000       0x48 ..\obj\stm32f4xx_usart.o
 .text.USART_ITConfig
                0x00000000       0x90 ..\obj\stm32f4xx_usart.o
 .text.USART_ClearFlag
                0x00000000       0x20 ..\obj\stm32f4xx_usart.o
 .text.USART_ClearITPendingBit
                0x00000000       0x38 ..\obj\stm32f4xx_usart.o
 .text          0x00000000        0x0 ..\obj\stm32f4xx_pwr.o
 .data          0x00000000        0x0 ..\obj\stm32f4xx_pwr.o
 .bss           0x00000000        0x0 ..\obj\stm32f4xx_pwr.o
 .text.PWR_DeInit
                0x00000000       0x1c ..\obj\stm32f4xx_pwr.o
 .text.PWR_BackupAccessCmd
                0x00000000       0x20 ..\obj\stm32f4xx_pwr.o
 .text.PWR_PVDLevelConfig
                0x00000000       0x38 ..\obj\stm32f4xx_pwr.o
 .text.PWR_PVDCmd
                0x00000000       0x20 ..\obj\stm32f4xx_pwr.o
 .text.PWR_WakeUpPinCmd
                0x00000000       0x20 ..\obj\stm32f4xx_pwr.o
 .text.PWR_BackupRegulatorCmd
                0x00000000       0x20 ..\obj\stm32f4xx_pwr.o
 .text.PWR_MainRegulatorModeConfig
                0x00000000       0x38 ..\obj\stm32f4xx_pwr.o
 .text.PWR_FlashPowerDownCmd
                0x00000000       0x20 ..\obj\stm32f4xx_pwr.o
 .text.PWR_EnterSTOPMode
                0x00000000       0x64 ..\obj\stm32f4xx_pwr.o
 .text.PWR_EnterSTANDBYMode
                0x00000000       0x3c ..\obj\stm32f4xx_pwr.o
 .text.PWR_GetFlagStatus
                0x00000000       0x34 ..\obj\stm32f4xx_pwr.o
 .text.PWR_ClearFlag
                0x00000000       0x24 ..\obj\stm32f4xx_pwr.o
 .debug_info    0x00000000      0x519 ..\obj\stm32f4xx_pwr.o
 .debug_abbrev  0x00000000      0x181 ..\obj\stm32f4xx_pwr.o
 .debug_aranges
                0x00000000       0x78 ..\obj\stm32f4xx_pwr.o
 .debug_ranges  0x00000000       0x68 ..\obj\stm32f4xx_pwr.o
 .debug_line    0x00000000      0x2af ..\obj\stm32f4xx_pwr.o
 .debug_str     0x00000000      0x388 ..\obj\stm32f4xx_pwr.o
 .comment       0x00000000       0x6f ..\obj\stm32f4xx_pwr.o
 .debug_frame   0x00000000      0x1dc ..\obj\stm32f4xx_pwr.o
 .ARM.attributes
                0x00000000       0x33 ..\obj\stm32f4xx_pwr.o
 .text          0x00000000        0x0 ..\obj\alarm.o
 .data          0x00000000        0x0 ..\obj\alarm.o
 .bss           0x00000000        0x0 ..\obj\alarm.o
 .debug_line    0x00000000        0x0 ..\obj\alarm.o
 .debug_str     0x00000000       0xa3 ..\obj\alarm.o
 .comment       0x00000000       0x6f ..\obj\alarm.o
 .ARM.attributes
                0x00000000       0x33 ..\obj\alarm.o
 .text          0x00000000        0x0 ..\obj\stm32f4xx_dac.o
 .data          0x00000000        0x0 ..\obj\stm32f4xx_dac.o
 .bss           0x00000000        0x0 ..\obj\stm32f4xx_dac.o
 .text.DAC_DeInit
                0x00000000       0x1c ..\obj\stm32f4xx_dac.o
 .text.DAC_Init
                0x00000000       0x64 ..\obj\stm32f4xx_dac.o
 .text.DAC_StructInit
                0x00000000       0x2c ..\obj\stm32f4xx_dac.o
 .text.DAC_Cmd  0x00000000       0x48 ..\obj\stm32f4xx_dac.o
 .text.DAC_SoftwareTriggerCmd
                0x00000000       0x4c ..\obj\stm32f4xx_dac.o
 .text.DAC_DualSoftwareTriggerCmd
                0x00000000       0x38 ..\obj\stm32f4xx_dac.o
 .text.DAC_WaveGenerationCmd
                0x00000000       0x4c ..\obj\stm32f4xx_dac.o
 .text.DAC_SetChannel1Data
                0x00000000       0x34 ..\obj\stm32f4xx_dac.o
 .text.DAC_SetChannel2Data
                0x00000000       0x34 ..\obj\stm32f4xx_dac.o
 .text.DAC_SetDualChannelData
                0x00000000       0x58 ..\obj\stm32f4xx_dac.o
 .text.DAC_GetDataOutputValue
                0x00000000       0x30 ..\obj\stm32f4xx_dac.o
 .text.DAC_DMACmd
                0x00000000       0x4c ..\obj\stm32f4xx_dac.o
 .text.DAC_ITConfig
                0x00000000       0x4c ..\obj\stm32f4xx_dac.o
 .text.DAC_GetFlagStatus
                0x00000000       0x3c ..\obj\stm32f4xx_dac.o
 .text.DAC_ClearFlag
                0x00000000       0x24 ..\obj\stm32f4xx_dac.o
 .text.DAC_GetITStatus
                0x00000000       0x54 ..\obj\stm32f4xx_dac.o
 .text.DAC_ClearITPendingBit
                0x00000000       0x24 ..\obj\stm32f4xx_dac.o
 .debug_info    0x00000000      0x642 ..\obj\stm32f4xx_dac.o
 .debug_abbrev  0x00000000      0x17e ..\obj\stm32f4xx_dac.o
 .debug_aranges
                0x00000000       0xa0 ..\obj\stm32f4xx_dac.o
 .debug_ranges  0x00000000       0x90 ..\obj\stm32f4xx_dac.o
 .debug_line    0x00000000      0x34e ..\obj\stm32f4xx_dac.o
 .debug_str     0x00000000      0x44a ..\obj\stm32f4xx_dac.o
 .comment       0x00000000       0x6f ..\obj\stm32f4xx_dac.o
 .debug_frame   0x00000000      0x2ac ..\obj\stm32f4xx_dac.o
 .ARM.attributes
                0x00000000       0x33 ..\obj\stm32f4xx_dac.o
 .text          0x00000000        0x0 ..\obj\startup_stm32f4xx.o
 .data          0x00000000        0x0 ..\obj\startup_stm32f4xx.o
 .bss           0x00000000        0x0 ..\obj\startup_stm32f4xx.o
 .text          0x00000000        0x0 ..\obj\movesensor.o
 .data          0x00000000        0x0 ..\obj\movesensor.o
 .bss           0x00000000        0x0 ..\obj\movesensor.o
 .debug_line    0x00000000        0x0 ..\obj\movesensor.o
 .debug_str     0x00000000       0xa8 ..\obj\movesensor.o
 .comment       0x00000000       0x6f ..\obj\movesensor.o
 .ARM.attributes
                0x00000000       0x33 ..\obj\movesensor.o
 .text          0x00000000        0x0 ..\obj\main.o
 .data          0x00000000        0x0 ..\obj\main.o
 .bss           0x00000000        0x0 ..\obj\main.o
 .text          0x00000000        0x0 ..\obj\stm32f4xx_rcc.o
 .bss           0x00000000        0x0 ..\obj\stm32f4xx_rcc.o
 .text.RCC_DeInit
                0x00000000       0x50 ..\obj\stm32f4xx_rcc.o
 .text.RCC_HSEConfig
                0x00000000       0x24 ..\obj\stm32f4xx_rcc.o
 .text.RCC_WaitForHSEStartUp
                0x00000000       0x50 ..\obj\stm32f4xx_rcc.o
 .text.RCC_AdjustHSICalibrationValue
                0x00000000       0x3c ..\obj\stm32f4xx_rcc.o
 .text.RCC_HSICmd
                0x00000000       0x20 ..\obj\stm32f4xx_rcc.o
 .text.RCC_LSEConfig
                0x00000000       0x40 ..\obj\stm32f4xx_rcc.o
 .text.RCC_LSICmd
                0x00000000       0x20 ..\obj\stm32f4xx_rcc.o
 .text.RCC_PLLConfig
                0x00000000       0x3c ..\obj\stm32f4xx_rcc.o
 .text.RCC_PLLCmd
                0x00000000       0x20 ..\obj\stm32f4xx_rcc.o
 .text.RCC_PLLI2SConfig
                0x00000000       0x28 ..\obj\stm32f4xx_rcc.o
 .text.RCC_PLLI2SCmd
                0x00000000       0x20 ..\obj\stm32f4xx_rcc.o
 .text.RCC_ClockSecuritySystemCmd
                0x00000000       0x20 ..\obj\stm32f4xx_rcc.o
 .text.RCC_MCO1Config
                0x00000000       0x3c ..\obj\stm32f4xx_rcc.o
 .text.RCC_MCO2Config
                0x00000000       0x3c ..\obj\stm32f4xx_rcc.o
 .text.RCC_SYSCLKConfig
                0x00000000       0x38 ..\obj\stm32f4xx_rcc.o
 .text.RCC_GetSYSCLKSource
                0x00000000       0x1c ..\obj\stm32f4xx_rcc.o
 .text.RCC_HCLKConfig
                0x00000000       0x38 ..\obj\stm32f4xx_rcc.o
 .text.RCC_PCLK1Config
                0x00000000       0x38 ..\obj\stm32f4xx_rcc.o
 .text.RCC_PCLK2Config
                0x00000000       0x38 ..\obj\stm32f4xx_rcc.o
 .text.RCC_RTCCLKConfig
                0x00000000       0x5c ..\obj\stm32f4xx_rcc.o
 .text.RCC_RTCCLKCmd
                0x00000000       0x20 ..\obj\stm32f4xx_rcc.o
 .text.RCC_BackupResetCmd
                0x00000000       0x20 ..\obj\stm32f4xx_rcc.o
 .text.RCC_I2SCLKConfig
                0x00000000       0x1c ..\obj\stm32f4xx_rcc.o
 .text.RCC_AHB2PeriphClockCmd
                0x00000000       0x3c ..\obj\stm32f4xx_rcc.o
 .text.RCC_AHB3PeriphClockCmd
                0x00000000       0x3c ..\obj\stm32f4xx_rcc.o
 .text.RCC_APB2PeriphClockCmd
                0x00000000       0x3c ..\obj\stm32f4xx_rcc.o
 .text.RCC_AHB1PeriphResetCmd
                0x00000000       0x3c ..\obj\stm32f4xx_rcc.o
 .text.RCC_AHB2PeriphResetCmd
                0x00000000       0x3c ..\obj\stm32f4xx_rcc.o
 .text.RCC_AHB3PeriphResetCmd
                0x00000000       0x3c ..\obj\stm32f4xx_rcc.o
 .text.RCC_APB1PeriphResetCmd
                0x00000000       0x3c ..\obj\stm32f4xx_rcc.o
 .text.RCC_APB2PeriphResetCmd
                0x00000000       0x3c ..\obj\stm32f4xx_rcc.o
 .text.RCC_AHB1PeriphClockLPModeCmd
                0x00000000       0x3c ..\obj\stm32f4xx_rcc.o
 .text.RCC_AHB2PeriphClockLPModeCmd
                0x00000000       0x3c ..\obj\stm32f4xx_rcc.o
 .text.RCC_AHB3PeriphClockLPModeCmd
                0x00000000       0x3c ..\obj\stm32f4xx_rcc.o
 .text.RCC_APB1PeriphClockLPModeCmd
                0x00000000       0x3c ..\obj\stm32f4xx_rcc.o
 .text.RCC_APB2PeriphClockLPModeCmd
                0x00000000       0x3c ..\obj\stm32f4xx_rcc.o
 .text.RCC_ITConfig
                0x00000000       0x4c ..\obj\stm32f4xx_rcc.o
 .text.RCC_GetFlagStatus
                0x00000000       0x74 ..\obj\stm32f4xx_rcc.o
 .text.RCC_ClearFlag
                0x00000000       0x1c ..\obj\stm32f4xx_rcc.o
 .text.RCC_GetITStatus
                0x00000000       0x34 ..\obj\stm32f4xx_rcc.o
 .text.RCC_ClearITPendingBit
                0x00000000       0x20 ..\obj\stm32f4xx_rcc.o
 .text          0x00000000        0x0 ..\obj\init.o
 .data          0x00000000        0x0 ..\obj\init.o
 .bss           0x00000000        0x0 ..\obj\init.o
 .text          0x00000000        0x0 ..\obj\stm32f4xx_adc.o
 .data          0x00000000        0x0 ..\obj\stm32f4xx_adc.o
 .bss           0x00000000        0x0 ..\obj\stm32f4xx_adc.o
 .text.ADC_DeInit
                0x00000000       0x1c ..\obj\stm32f4xx_adc.o
 .text.ADC_Init
                0x00000000       0xa8 ..\obj\stm32f4xx_adc.o
 .text.ADC_StructInit
                0x00000000       0x3c ..\obj\stm32f4xx_adc.o
 .text.ADC_CommonInit
                0x00000000       0x50 ..\obj\stm32f4xx_adc.o
 .text.ADC_CommonStructInit
                0x00000000       0x2c ..\obj\stm32f4xx_adc.o
 .text.ADC_Cmd  0x00000000       0x38 ..\obj\stm32f4xx_adc.o
 .text.ADC_AnalogWatchdogCmd
                0x00000000       0x38 ..\obj\stm32f4xx_adc.o
 .text.ADC_AnalogWatchdogThresholdsConfig
                0x00000000       0x28 ..\obj\stm32f4xx_adc.o
 .text.ADC_AnalogWatchdogSingleChannelConfig
                0x00000000       0x38 ..\obj\stm32f4xx_adc.o
 .text.ADC_TempSensorVrefintCmd
                0x00000000       0x38 ..\obj\stm32f4xx_adc.o
 .text.ADC_VBATCmd
                0x00000000       0x38 ..\obj\stm32f4xx_adc.o
 .text.ADC_RegularChannelConfig
                0x00000000      0x194 ..\obj\stm32f4xx_adc.o
 .text.ADC_SoftwareStartConv
                0x00000000       0x20 ..\obj\stm32f4xx_adc.o
 .text.ADC_GetSoftwareStartConvStatus
                0x00000000       0x30 ..\obj\stm32f4xx_adc.o
 .text.ADC_EOCOnEachRegularChannelCmd
                0x00000000       0x38 ..\obj\stm32f4xx_adc.o
 .text.ADC_ContinuousModeCmd
                0x00000000       0x38 ..\obj\stm32f4xx_adc.o
 .text.ADC_DiscModeChannelCountConfig
                0x00000000       0x44 ..\obj\stm32f4xx_adc.o
 .text.ADC_DiscModeCmd
                0x00000000       0x38 ..\obj\stm32f4xx_adc.o
 .text.ADC_GetConversionValue
                0x00000000       0x18 ..\obj\stm32f4xx_adc.o
 .text.ADC_GetMultiModeConversionValue
                0x00000000       0x14 ..\obj\stm32f4xx_adc.o
 .text.ADC_DMACmd
                0x00000000       0x38 ..\obj\stm32f4xx_adc.o
 .text.ADC_DMARequestAfterLastTransferCmd
                0x00000000       0x38 ..\obj\stm32f4xx_adc.o
 .text.ADC_MultiModeDMARequestAfterLastTransferCmd
                0x00000000       0x38 ..\obj\stm32f4xx_adc.o
 .text.ADC_InjectedChannelConfig
                0x00000000      0x120 ..\obj\stm32f4xx_adc.o
 .text.ADC_InjectedSequencerLengthConfig
                0x00000000       0x44 ..\obj\stm32f4xx_adc.o
 .text.ADC_SetInjectedOffset
                0x00000000       0x34 ..\obj\stm32f4xx_adc.o
 .text.ADC_ExternalTrigInjectedConvConfig
                0x00000000       0x34 ..\obj\stm32f4xx_adc.o
 .text.ADC_ExternalTrigInjectedConvEdgeConfig
                0x00000000       0x34 ..\obj\stm32f4xx_adc.o
 .text.ADC_SoftwareStartInjectedConv
                0x00000000       0x20 ..\obj\stm32f4xx_adc.o
 .text.ADC_GetSoftwareStartInjectedConvCmdStatus
                0x00000000       0x30 ..\obj\stm32f4xx_adc.o
 .text.ADC_AutoInjectedConvCmd
                0x00000000       0x38 ..\obj\stm32f4xx_adc.o
 .text.ADC_InjectedDiscModeCmd
                0x00000000       0x38 ..\obj\stm32f4xx_adc.o
 .text.ADC_GetInjectedConversionValue
                0x00000000       0x30 ..\obj\stm32f4xx_adc.o
 .text.ADC_ITConfig
                0x00000000       0x50 ..\obj\stm32f4xx_adc.o
 .text.ADC_GetFlagStatus
                0x00000000       0x34 ..\obj\stm32f4xx_adc.o
 .text.ADC_ClearFlag
                0x00000000       0x20 ..\obj\stm32f4xx_adc.o
 .text.ADC_GetITStatus
                0x00000000       0x5c ..\obj\stm32f4xx_adc.o
 .text.ADC_ClearITPendingBit
                0x00000000       0x2c ..\obj\stm32f4xx_adc.o
 .debug_info    0x00000000      0xc40 ..\obj\stm32f4xx_adc.o
 .debug_abbrev  0x00000000      0x198 ..\obj\stm32f4xx_adc.o
 .debug_aranges
                0x00000000      0x148 ..\obj\stm32f4xx_adc.o
 .debug_ranges  0x00000000      0x138 ..\obj\stm32f4xx_adc.o
 .debug_line    0x00000000      0x559 ..\obj\stm32f4xx_adc.o
 .debug_str     0x00000000      0x7fb ..\obj\stm32f4xx_adc.o
 .comment       0x00000000       0x6f ..\obj\stm32f4xx_adc.o
 .debug_frame   0x00000000      0x5ec ..\obj\stm32f4xx_adc.o
 .ARM.attributes
                0x00000000       0x33 ..\obj\stm32f4xx_adc.o
 .text          0x00000000        0x0 ..\obj\alarm4.o
 .data          0x00000000    0x8137e ..\obj\alarm4.o
 .bss           0x00000000        0x0 ..\obj\alarm4.o
 .debug_info    0x00000000       0x4c ..\obj\alarm4.o
 .debug_abbrev  0x00000000       0x3c ..\obj\alarm4.o
 .debug_aranges
                0x00000000       0x18 ..\obj\alarm4.o
 .debug_line    0x00000000       0x36 ..\obj\alarm4.o
 .debug_str     0x00000000       0xb1 ..\obj\alarm4.o
 .comment       0x00000000       0x6f ..\obj\alarm4.o
 .ARM.attributes
                0x00000000       0x33 ..\obj\alarm4.o
 .text          0x00000000        0x0 ..\obj\stm32f4xx_gpio.o
 .data          0x00000000        0x0 ..\obj\stm32f4xx_gpio.o
 .bss           0x00000000        0x0 ..\obj\stm32f4xx_gpio.o
 .text.GPIO_DeInit
                0x00000000      0x120 ..\obj\stm32f4xx_gpio.o
 .text.GPIO_StructInit
                0x00000000       0x34 ..\obj\stm32f4xx_gpio.o
 .text.GPIO_PinLockConfig
                0x00000000       0x44 ..\obj\stm32f4xx_gpio.o
 .text.GPIO_ReadInputData
                0x00000000       0x18 ..\obj\stm32f4xx_gpio.o
 .text.GPIO_ReadOutputDataBit
                0x00000000       0x34 ..\obj\stm32f4xx_gpio.o
 .text.GPIO_ReadOutputData
                0x00000000       0x18 ..\obj\stm32f4xx_gpio.o
 .text.GPIO_WriteBit
                0x00000000       0x30 ..\obj\stm32f4xx_gpio.o
 .text.GPIO_Write
                0x00000000       0x1c ..\obj\stm32f4xx_gpio.o
 .text.GPIO_ToggleBits
                0x00000000       0x24 ..\obj\stm32f4xx_gpio.o
 .text          0x00000000        0x0 ..\obj\system_stm32f4xx.o
 .data          0x00000000       0x14 ..\obj\system_stm32f4xx.o
 .bss           0x00000000        0x0 ..\obj\system_stm32f4xx.o
 .text.SystemCoreClockUpdate
                0x00000000       0xf8 ..\obj\system_stm32f4xx.o
 .text          0x00000000        0x0 ..\obj\stm32f4xx_exti.o
 .data          0x00000000        0x0 ..\obj\stm32f4xx_exti.o
 .bss           0x00000000        0x0 ..\obj\stm32f4xx_exti.o
 .text.EXTI_DeInit
                0x00000000       0x34 ..\obj\stm32f4xx_exti.o
 .text.EXTI_Init
                0x00000000       0xe4 ..\obj\stm32f4xx_exti.o
 .text.EXTI_StructInit
                0x00000000       0x2c ..\obj\stm32f4xx_exti.o
 .text.EXTI_GenerateSWInterrupt
                0x00000000       0x24 ..\obj\stm32f4xx_exti.o
 .text.EXTI_GetFlagStatus
                0x00000000       0x34 ..\obj\stm32f4xx_exti.o
 .text.EXTI_ClearFlag
                0x00000000       0x1c ..\obj\stm32f4xx_exti.o
 .text.EXTI_GetITStatus
                0x00000000       0x48 ..\obj\stm32f4xx_exti.o
 .text.EXTI_ClearITPendingBit
                0x00000000       0x1c ..\obj\stm32f4xx_exti.o
 .debug_info    0x00000000      0x357 ..\obj\stm32f4xx_exti.o
 .debug_abbrev  0x00000000      0x1a9 ..\obj\stm32f4xx_exti.o
 .debug_aranges
                0x00000000       0x58 ..\obj\stm32f4xx_exti.o
 .debug_ranges  0x00000000       0x48 ..\obj\stm32f4xx_exti.o
 .debug_line    0x00000000      0x29d ..\obj\stm32f4xx_exti.o
 .debug_str     0x00000000      0x350 ..\obj\stm32f4xx_exti.o
 .comment       0x00000000       0x6f ..\obj\stm32f4xx_exti.o
 .debug_frame   0x00000000      0x148 ..\obj\stm32f4xx_exti.o
 .ARM.attributes
                0x00000000       0x33 ..\obj\stm32f4xx_exti.o
 .text          0x00000000        0x0 ..\obj\misc.o
 .data          0x00000000        0x0 ..\obj\misc.o
 .bss           0x00000000        0x0 ..\obj\misc.o
 .text.NVIC_PriorityGroupConfig
                0x00000000       0x24 ..\obj\misc.o
 .text.NVIC_Init
                0x00000000       0xc0 ..\obj\misc.o
 .text.NVIC_SetVectorTable
                0x00000000       0x2c ..\obj\misc.o
 .text.NVIC_SystemLPConfig
                0x00000000       0x40 ..\obj\misc.o
 .text.SysTick_CLKSourceConfig
                0x00000000       0x38 ..\obj\misc.o
 .debug_info    0x00000000      0x556 ..\obj\misc.o
 .debug_abbrev  0x00000000      0x147 ..\obj\misc.o
 .debug_aranges
                0x00000000       0x40 ..\obj\misc.o
 .debug_ranges  0x00000000       0x30 ..\obj\misc.o
 .debug_line    0x00000000      0x23a ..\obj\misc.o
 .debug_str     0x00000000      0x3c5 ..\obj\misc.o
 .comment       0x00000000       0x6f ..\obj\misc.o
 .debug_frame   0x00000000       0xd8 ..\obj\misc.o
 .ARM.attributes
                0x00000000       0x33 ..\obj\misc.o
 .text          0x00000000        0x0 ..\obj\stm32f4xx_tim.o
 .data          0x00000000        0x0 ..\obj\stm32f4xx_tim.o
 .bss           0x00000000        0x0 ..\obj\stm32f4xx_tim.o
 .text.TIM_DeInit
                0x00000000      0x1c0 ..\obj\stm32f4xx_tim.o
 .text.TIM_TimeBaseStructInit
                0x00000000       0x34 ..\obj\stm32f4xx_tim.o
 .text.TIM_PrescalerConfig
                0x00000000       0x28 ..\obj\stm32f4xx_tim.o
 .text.TIM_CounterModeConfig
                0x00000000       0x38 ..\obj\stm32f4xx_tim.o
 .text.TIM_SetCounter
                0x00000000       0x1c ..\obj\stm32f4xx_tim.o
 .text.TIM_SetAutoreload
                0x00000000       0x1c ..\obj\stm32f4xx_tim.o
 .text.TIM_GetCounter
                0x00000000       0x18 ..\obj\stm32f4xx_tim.o
 .text.TIM_GetPrescaler
                0x00000000       0x18 ..\obj\stm32f4xx_tim.o
 .text.TIM_UpdateDisableConfig
                0x00000000       0x40 ..\obj\stm32f4xx_tim.o
 .text.TIM_UpdateRequestConfig
                0x00000000       0x40 ..\obj\stm32f4xx_tim.o
 .text.TIM_ARRPreloadConfig
                0x00000000       0x40 ..\obj\stm32f4xx_tim.o
 .text.TIM_SelectOnePulseMode
                0x00000000       0x38 ..\obj\stm32f4xx_tim.o
 .text.TIM_SetClockDivision
                0x00000000       0x38 ..\obj\stm32f4xx_tim.o
 .text.TIM_OC1Init
                0x00000000       0xf4 ..\obj\stm32f4xx_tim.o
 .text.TIM_OC2Init
                0x00000000      0x110 ..\obj\stm32f4xx_tim.o
 .text.TIM_OC3Init
                0x00000000      0x10c ..\obj\stm32f4xx_tim.o
 .text.TIM_OC4Init
                0x00000000       0xcc ..\obj\stm32f4xx_tim.o
 .text.TIM_OCStructInit
                0x00000000       0x44 ..\obj\stm32f4xx_tim.o
 .text.TIM_SelectOCxM
                0x00000000       0xb0 ..\obj\stm32f4xx_tim.o
 .text.TIM_SetCompare1
                0x00000000       0x1c ..\obj\stm32f4xx_tim.o
 .text.TIM_SetCompare2
                0x00000000       0x1c ..\obj\stm32f4xx_tim.o
 .text.TIM_SetCompare3
                0x00000000       0x1c ..\obj\stm32f4xx_tim.o
 .text.TIM_SetCompare4
                0x00000000       0x1c ..\obj\stm32f4xx_tim.o
 .text.TIM_ForcedOC1Config
                0x00000000       0x38 ..\obj\stm32f4xx_tim.o
 .text.TIM_ForcedOC2Config
                0x00000000       0x3c ..\obj\stm32f4xx_tim.o
 .text.TIM_ForcedOC3Config
                0x00000000       0x38 ..\obj\stm32f4xx_tim.o
 .text.TIM_ForcedOC4Config
                0x00000000       0x3c ..\obj\stm32f4xx_tim.o
 .text.TIM_OC1PreloadConfig
                0x00000000       0x38 ..\obj\stm32f4xx_tim.o
 .text.TIM_OC2PreloadConfig
                0x00000000       0x3c ..\obj\stm32f4xx_tim.o
 .text.TIM_OC3PreloadConfig
                0x00000000       0x38 ..\obj\stm32f4xx_tim.o
 .text.TIM_OC4PreloadConfig
                0x00000000       0x3c ..\obj\stm32f4xx_tim.o
 .text.TIM_OC1FastConfig
                0x00000000       0x38 ..\obj\stm32f4xx_tim.o
 .text.TIM_OC2FastConfig
                0x00000000       0x3c ..\obj\stm32f4xx_tim.o
 .text.TIM_OC3FastConfig
                0x00000000       0x38 ..\obj\stm32f4xx_tim.o
 .text.TIM_OC4FastConfig
                0x00000000       0x3c ..\obj\stm32f4xx_tim.o
 .text.TIM_ClearOC1Ref
                0x00000000       0x38 ..\obj\stm32f4xx_tim.o
 .text.TIM_ClearOC2Ref
                0x00000000       0x3c ..\obj\stm32f4xx_tim.o
 .text.TIM_ClearOC3Ref
                0x00000000       0x38 ..\obj\stm32f4xx_tim.o
 .text.TIM_ClearOC4Ref
                0x00000000       0x3c ..\obj\stm32f4xx_tim.o
 .text.TIM_OC1PolarityConfig
                0x00000000       0x38 ..\obj\stm32f4xx_tim.o
 .text.TIM_OC1NPolarityConfig
                0x00000000       0x38 ..\obj\stm32f4xx_tim.o
 .text.TIM_OC2PolarityConfig
                0x00000000       0x3c ..\obj\stm32f4xx_tim.o
 .text.TIM_OC2NPolarityConfig
                0x00000000       0x3c ..\obj\stm32f4xx_tim.o
 .text.TIM_OC3PolarityConfig
                0x00000000       0x3c ..\obj\stm32f4xx_tim.o
 .text.TIM_OC3NPolarityConfig
                0x00000000       0x3c ..\obj\stm32f4xx_tim.o
 .text.TIM_OC4PolarityConfig
                0x00000000       0x3c ..\obj\stm32f4xx_tim.o
 .text.TIM_CCxCmd
                0x00000000       0x54 ..\obj\stm32f4xx_tim.o
 .text.TIM_CCxNCmd
                0x00000000       0x54 ..\obj\stm32f4xx_tim.o
 .text.TIM_ICInit
                0x00000000       0xa8 ..\obj\stm32f4xx_tim.o
 .text.TIM_ICStructInit
                0x00000000       0x30 ..\obj\stm32f4xx_tim.o
 .text.TIM_PWMIConfig
                0x00000000       0xb8 ..\obj\stm32f4xx_tim.o
 .text.TIM_GetCapture1
                0x00000000       0x18 ..\obj\stm32f4xx_tim.o
 .text.TIM_GetCapture2
                0x00000000       0x18 ..\obj\stm32f4xx_tim.o
 .text.TIM_GetCapture3
                0x00000000       0x18 ..\obj\stm32f4xx_tim.o
 .text.TIM_GetCapture4
                0x00000000       0x18 ..\obj\stm32f4xx_tim.o
 .text.TIM_SetIC1Prescaler
                0x00000000       0x38 ..\obj\stm32f4xx_tim.o
 .text.TIM_SetIC2Prescaler
                0x00000000       0x3c ..\obj\stm32f4xx_tim.o
 .text.TIM_SetIC3Prescaler
                0x00000000       0x38 ..\obj\stm32f4xx_tim.o
 .text.TIM_SetIC4Prescaler
                0x00000000       0x3c ..\obj\stm32f4xx_tim.o
 .text.TIM_BDTRConfig
                0x00000000       0x50 ..\obj\stm32f4xx_tim.o
 .text.TIM_BDTRStructInit
                0x00000000       0x3c ..\obj\stm32f4xx_tim.o
 .text.TIM_CtrlPWMOutputs
                0x00000000       0x4c ..\obj\stm32f4xx_tim.o
 .text.TIM_SelectCOM
                0x00000000       0x40 ..\obj\stm32f4xx_tim.o
 .text.TIM_CCPreloadControl
                0x00000000       0x40 ..\obj\stm32f4xx_tim.o
 .text.TIM_ITConfig
                0x00000000       0x48 ..\obj\stm32f4xx_tim.o
 .text.TIM_GenerateEvent
                0x00000000       0x1c ..\obj\stm32f4xx_tim.o
 .text.TIM_GetFlagStatus
                0x00000000       0x38 ..\obj\stm32f4xx_tim.o
 .text.TIM_ClearFlag
                0x00000000       0x20 ..\obj\stm32f4xx_tim.o
 .text.TIM_GetITStatus
                0x00000000       0x54 ..\obj\stm32f4xx_tim.o
 .text.TIM_ClearITPendingBit
                0x00000000       0x20 ..\obj\stm32f4xx_tim.o
 .text.TIM_DMAConfig
                0x00000000       0x28 ..\obj\stm32f4xx_tim.o
 .text.TIM_DMACmd
                0x00000000       0x48 ..\obj\stm32f4xx_tim.o
 .text.TIM_SelectCCDMA
                0x00000000       0x40 ..\obj\stm32f4xx_tim.o
 .text.TIM_InternalClockConfig
                0x00000000       0x24 ..\obj\stm32f4xx_tim.o
 .text.TIM_ITRxExternalClockConfig
                0x00000000       0x30 ..\obj\stm32f4xx_tim.o
 .text.TIM_TIxExternalClockConfig
                0x00000000       0x5c ..\obj\stm32f4xx_tim.o
 .text.TIM_ETRClockMode1Config
                0x00000000       0x60 ..\obj\stm32f4xx_tim.o
 .text.TIM_ETRClockMode2Config
                0x00000000       0x40 ..\obj\stm32f4xx_tim.o
 .text.TIM_SelectInputTrigger
                0x00000000       0x38 ..\obj\stm32f4xx_tim.o
 .text.TIM_SelectOutputTrigger
                0x00000000       0x38 ..\obj\stm32f4xx_tim.o
 .text.TIM_SelectSlaveMode
                0x00000000       0x38 ..\obj\stm32f4xx_tim.o
 .text.TIM_SelectMasterSlaveMode
                0x00000000       0x38 ..\obj\stm32f4xx_tim.o
 .text.TIM_ETRConfig
                0x00000000       0x54 ..\obj\stm32f4xx_tim.o
 .text.TIM_EncoderInterfaceConfig
                0x00000000       0x98 ..\obj\stm32f4xx_tim.o
 .text.TIM_SelectHallSensor
                0x00000000       0x40 ..\obj\stm32f4xx_tim.o
 .text.TIM_RemapConfig
                0x00000000       0x20 ..\obj\stm32f4xx_tim.o
 .text.TI1_Config
                0x00000000       0x84 ..\obj\stm32f4xx_tim.o
 .text.TI2_Config
                0x00000000       0x98 ..\obj\stm32f4xx_tim.o
 .text.TI3_Config
                0x00000000       0x90 ..\obj\stm32f4xx_tim.o
 .text.TI4_Config
                0x00000000       0x9c ..\obj\stm32f4xx_tim.o
 .text          0x00000000        0x0 ..\obj\magneticsensor.o
 .data          0x00000000        0x0 ..\obj\magneticsensor.o
 .bss           0x00000000        0x0 ..\obj\magneticsensor.o
 .debug_line    0x00000000        0x0 ..\obj\magneticsensor.o
 .debug_str     0x00000000       0xac ..\obj\magneticsensor.o
 .comment       0x00000000       0x6f ..\obj\magneticsensor.o
 .ARM.attributes
                0x00000000       0x33 ..\obj\magneticsensor.o
 .text          0x00000000        0x0 ..\obj\usart.o
 .data          0x00000000        0x0 ..\obj\usart.o
 .bss           0x00000000        0x0 ..\obj\usart.o
 .text.usartGetChar
                0x00000000       0x28 ..\obj\usart.o

Memory Configuration

Name             Origin             Length             Attributes
rom              0x08000000         0x00100000         xr
ram              0x20000000         0x00020000         xrw
ram1             0x10000000         0x00010000         xrw
*default*        0x00000000         0xffffffff

Linker script and memory map

                0x20020000                _eram = 0x20020000

.text           0x08000000      0xcc0
 *(.isr_vector)
 .isr_vector    0x08000000      0x188 ..\obj\startup_stm32f4xx.o
                0x08000000                g_pfnVectors
 *(.text*)
 .text.USART_Init
                0x08000188      0x174 ..\obj\stm32f4xx_usart.o
                0x08000188                USART_Init
 .text.USART_Cmd
                0x080002fc       0x40 ..\obj\stm32f4xx_usart.o
                0x080002fc                USART_Cmd
 .text.USART_SendData
                0x0800033c       0x24 ..\obj\stm32f4xx_usart.o
                0x0800033c                USART_SendData
 .text.USART_GetFlagStatus
                0x08000360       0x38 ..\obj\stm32f4xx_usart.o
                0x08000360                USART_GetFlagStatus
 .text.USART_GetITStatus
                0x08000398       0xb4 ..\obj\stm32f4xx_usart.o
                0x08000398                USART_GetITStatus
 .text.Default_Reset_Handler
                0x0800044c       0x5c ..\obj\startup_stm32f4xx.o
                0x0800044c                Default_Reset_Handler
                0x0800044c                Reset_Handler
 .text.Default_Handler
                0x080004a8        0x8 ..\obj\startup_stm32f4xx.o
                0x080004a8                RTC_Alarm_IRQHandler
                0x080004a8                HASH_RNG_IRQHandler
                0x080004a8                EXTI2_IRQHandler
                0x080004a8                TIM8_CC_IRQHandler
                0x080004a8                DebugMon_Handler
                0x080004a8                TIM1_CC_IRQHandler
                0x080004a8                DMA2_Stream5_IRQHandler
                0x080004a8                HardFault_Handler
                0x080004a8                DMA1_Stream5_IRQHandler
                0x080004a8                SysTick_Handler
                0x080004a8                PVD_IRQHandler
                0x080004a8                SDIO_IRQHandler
                0x080004a8                TAMP_STAMP_IRQHandler
                0x080004a8                PendSV_Handler
                0x080004a8                NMI_Handler
                0x080004a8                CAN2_RX1_IRQHandler
                0x080004a8                EXTI3_IRQHandler
                0x080004a8                TIM8_TRG_COM_TIM14_IRQHandler
                0x080004a8                TIM1_UP_TIM10_IRQHandler
                0x080004a8                TIM8_UP_TIM13_IRQHandler
                0x080004a8                I2C3_ER_IRQHandler
                0x080004a8                EXTI0_IRQHandler
                0x080004a8                I2C2_EV_IRQHandler
                0x080004a8                DMA1_Stream2_IRQHandler
                0x080004a8                CAN1_RX0_IRQHandler
                0x080004a8                FPU_IRQHandler
                0x080004a8                OTG_HS_WKUP_IRQHandler
                0x080004a8                UsageFault_Handler
                0x080004a8                CAN2_SCE_IRQHandler
                0x080004a8                DMA2_Stream2_IRQHandler
                0x080004a8                SPI1_IRQHandler
                0x080004a8                TIM6_DAC_IRQHandler
                0x080004a8                TIM1_BRK_TIM9_IRQHandler
                0x080004a8                DCMI_IRQHandler
                0x080004a8                CAN2_RX0_IRQHandler
                0x080004a8                DMA2_Stream3_IRQHandler
                0x080004a8                USART6_IRQHandler
                0x080004a8                CRYP_IRQHandler
                0x080004a8                CAN1_RX1_IRQHandler
                0x080004a8                UART5_IRQHandler
                0x080004a8                DMA2_Stream0_IRQHandler
                0x080004a8                TIM4_IRQHandler
                0x080004a8                I2C1_EV_IRQHandler
                0x080004a8                DMA1_Stream6_IRQHandler
                0x080004a8                DMA1_Stream1_IRQHandler
                0x080004a8                UART4_IRQHandler
                0x080004a8                TIM3_IRQHandler
                0x080004a8                RCC_IRQHandler
                0x080004a8                TIM8_BRK_TIM12_IRQHandler
                0x080004a8                EXTI15_10_IRQHandler
                0x080004a8                ADC_IRQHandler
                0x080004a8                DMA1_Stream7_IRQHandler
                0x080004a8                TIM7_IRQHandler
                0x080004a8                CAN2_TX_IRQHandler
                0x080004a8                TIM5_IRQHandler
                0x080004a8                DMA2_Stream7_IRQHandler
                0x080004a8                I2C3_EV_IRQHandler
                0x080004a8                EXTI9_5_IRQHandler
                0x080004a8                RTC_WKUP_IRQHandler
                0x080004a8                ETH_WKUP_IRQHandler
                0x080004a8                SPI2_IRQHandler
                0x080004a8                OTG_HS_EP1_IN_IRQHandler
                0x080004a8                MemManage_Handler
                0x080004a8                DMA1_Stream0_IRQHandler
                0x080004a8                CAN1_TX_IRQHandler
                0x080004a8                SVC_Handler
                0x080004a8                EXTI4_IRQHandler
                0x080004a8                FSMC_IRQHandler
                0x080004a8                ETH_IRQHandler
                0x080004a8                OTG_HS_EP1_OUT_IRQHandler
                0x080004a8                WWDG_IRQHandler
                0x080004a8                TIM2_IRQHandler
                0x080004a8                OTG_FS_WKUP_IRQHandler
                0x080004a8                TIM1_TRG_COM_TIM11_IRQHandler
                0x080004a8                OTG_HS_IRQHandler
                0x080004a8                EXTI1_IRQHandler
                0x080004a8                USART2_IRQHandler
                0x080004a8                I2C2_ER_IRQHandler
                0x080004a8                DMA2_Stream1_IRQHandler
                0x080004a8                CAN1_SCE_IRQHandler
                0x080004a8                FLASH_IRQHandler
                0x080004a8                DMA2_Stream4_IRQHandler
                0x080004a8                BusFault_Handler
                0x080004a8                USART1_IRQHandler
                0x080004a8                OTG_FS_IRQHandler
                0x080004a8                SPI3_IRQHandler
                0x080004a8                DMA1_Stream4_IRQHandler
                0x080004a8                I2C1_ER_IRQHandler
                0x080004a8                DMA2_Stream6_IRQHandler
                0x080004a8                DMA1_Stream3_IRQHandler
 .text.main     0x080004b0       0x40 ..\obj\main.o
                0x080004b0                main
 .text.RCC_GetClocksFreq
                0x080004f0      0x154 ..\obj\stm32f4xx_rcc.o
                0x080004f0                RCC_GetClocksFreq
 .text.RCC_AHB1PeriphClockCmd
                0x08000644       0x3c ..\obj\stm32f4xx_rcc.o
                0x08000644                RCC_AHB1PeriphClockCmd
 .text.RCC_APB1PeriphClockCmd
                0x08000680       0x3c ..\obj\stm32f4xx_rcc.o
                0x08000680                RCC_APB1PeriphClockCmd
 .text.ustaw    0x080006bc      0x138 ..\obj\init.o
                0x080006bc                ustaw
 .text.GPIO_Init
                0x080007f4      0x11c ..\obj\stm32f4xx_gpio.o
                0x080007f4                GPIO_Init
 .text.GPIO_ReadInputDataBit
                0x08000910       0x34 ..\obj\stm32f4xx_gpio.o
                0x08000910                GPIO_ReadInputDataBit
 .text.GPIO_SetBits
                0x08000944       0x1c ..\obj\stm32f4xx_gpio.o
                0x08000944                GPIO_SetBits
 .text.GPIO_ResetBits
                0x08000960       0x1c ..\obj\stm32f4xx_gpio.o
                0x08000960                GPIO_ResetBits
 .text.GPIO_PinAFConfig
                0x0800097c       0x90 ..\obj\stm32f4xx_gpio.o
                0x0800097c                GPIO_PinAFConfig
 .text.SystemInit
                0x08000a0c       0x5c ..\obj\system_stm32f4xx.o
                0x08000a0c                SystemInit
 .text.SetSysClock
                0x08000a68       0xf4 ..\obj\system_stm32f4xx.o
 .text.TIM_TimeBaseInit
                0x08000b5c       0xd4 ..\obj\stm32f4xx_tim.o
                0x08000b5c                TIM_TimeBaseInit
 .text.TIM_Cmd  0x08000c30       0x40 ..\obj\stm32f4xx_tim.o
                0x08000c30                TIM_Cmd
 .text.USART3_IRQHandler
                0x08000c70       0x18 ..\obj\usart.o
                0x08000c70                USART3_IRQHandler
 .text.usart1   0x08000c88       0x38 ..\obj\usart.o
                0x08000c88                usart1
 *(.init)
 *(.fini)
 *crtbegin.o(.ctors)
 *crtbegin?.o(.ctors)
 *(EXCLUDE_FILE(*crtend.o *crtend?.o) .ctors)
 *(SORT(.ctors.*))
 *(.ctors)
 *crtbegin.o(.dtors)
 *crtbegin?.o(.dtors)
 *(EXCLUDE_FILE(*crtend.o *crtend?.o) .dtors)
 *(SORT(.dtors.*))
 *(.dtors)
 *(.rodata*)
 *(.eh_fram e*)

.glue_7         0x08000cc0        0x0
 .glue_7        0x08000cc0        0x0 linker stubs

.glue_7t        0x08000cc0        0x0
 .glue_7t       0x08000cc0        0x0 linker stubs

.vfp11_veneer   0x08000cc0        0x0
 .vfp11_veneer  0x08000cc0        0x0 linker stubs

.v4_bx          0x08000cc0        0x0
 .v4_bx         0x08000cc0        0x0 linker stubs

.iplt           0x08000cc0        0x0
 .iplt          0x08000cc0        0x0 ..\obj\stm32f4xx_syscfg.o

.rel.dyn        0x08000cc0        0x0
 .rel.iplt      0x08000cc0        0x0 ..\obj\stm32f4xx_syscfg.o

.ARM.extab
 *(.ARM.extab* .gnu.linkonce.armextab.*)
                0x08000cc0                __exidx_start = .

.ARM.exidx
 *(.ARM.exidx* .gnu.linkonce.armexidx.*)
                0x08000cc0                __exidx_end = .
                0x08000cc0                __etext = .
                0x08000cc0                _sidata = __etext

.data           0x20000000       0x10 load address 0x08000cc0
                0x20000000                __data_start__ = .
                0x20000000                _sdata = __data_start__
 *(vtable)
 *(.data*)
 .data          0x20000000       0x10 ..\obj\stm32f4xx_rcc.o
                0x20000010                . = ALIGN (0x4)
                [!provide]                PROVIDE (__preinit_array_start, .)
 *(.preinit_array)
                [!provide]                PROVIDE (__preinit_array_end, .)
                0x20000010                . = ALIGN (0x4)
                [!provide]                PROVIDE (__init_array_start, .)
 *(SORT(.init_array.*))
 *(.init_array)
                [!provide]                PROVIDE (__init_array_end, .)
                0x20000010                . = ALIGN (0x4)
                [!provide]                PROVIDE (__fini_array_start, .)
 *(SORT(.fini_array.*))
 *(.fini_array)
                [!provide]                PROVIDE (__fini_array_end, .)
 *(.jcr*)
                0x20000010                . = ALIGN (0x4)
                0x20000010                __data_end__ = .
                0x20000010                _edata = __data_end__

.igot.plt       0x20000010        0x0 load address 0x08000cd0
 .igot.plt      0x20000010        0x0 ..\obj\stm32f4xx_syscfg.o

.bss            0x20000010        0x0
                0x20000010                . = ALIGN (0x4)
                0x20000010                __bss_start__ = .
                0x20000010                _sbss = __bss_start__
 *(.bss*)
 *(COMMON)
                0x20000010                . = ALIGN (0x4)
                0x20000010                __bss_end__ = .
                0x20000010                _ebss = __bss_end__

.heap           0x20000010        0x0
                0x20000010                __end__ = .
                0x20000010                _end = __end__
                0x20000010                end = __end__
 *(.heap*)
                0x20000010                __HeapLimit = .

.co_stack       0x20000010      0x800 load address 0x08000cd0
                0x20000010                . = ALIGN (0x8)
 *(.co_stack .co_stack.*)
 .co_stack      0x20000010      0x800 ..\obj\startup_stm32f4xx.o
                0x20000010                pulStack
                0x20020000                __StackTop = (ORIGIN (ram) + LENGTH (ram))
                0x2001f800                __StackLimit = (__StackTop - SIZEOF (.co_stack))
                [!provide]                PROVIDE (__stack, __StackTop)
                0x00000001                ASSERT ((__StackLimit >= __HeapLimit), region ram  overflowed with stack)
LOAD ..\obj\stm32f4xx_syscfg.o
LOAD ..\obj\stm32f4xx_usart.o
LOAD ..\obj\stm32f4xx_pwr.o
LOAD ..\obj\alarm.o
LOAD ..\obj\stm32f4xx_dac.o
LOAD ..\obj\startup_stm32f4xx.o
LOAD ..\obj\movesensor.o
LOAD ..\obj\main.o
LOAD ..\obj\stm32f4xx_rcc.o
LOAD ..\obj\init.o
LOAD ..\obj\stm32f4xx_adc.o
LOAD ..\obj\alarm4.o
LOAD ..\obj\stm32f4xx_gpio.o
LOAD ..\obj\system_stm32f4xx.o
LOAD ..\obj\stm32f4xx_exti.o
LOAD ..\obj\misc.o
LOAD ..\obj\stm32f4xx_tim.o
LOAD ..\obj\magneticsensor.o
LOAD ..\obj\usart.o
START GROUP
LOAD d:/program files (x86)/gnu tools arm embedded/5.4 2016q3/bin/../lib/gcc/arm-none-eabi/5.4.1/armv7e-m\libgcc.a
LOAD d:/program files (x86)/gnu tools arm embedded/5.4 2016q3/bin/../lib/gcc/arm-none-eabi/5.4.1/../../../../arm-none-eabi/lib/armv7e-m\libg.a
LOAD d:/program files (x86)/gnu tools arm embedded/5.4 2016q3/bin/../lib/gcc/arm-none-eabi/5.4.1/../../../../arm-none-eabi/lib/armv7e-m\libc.a
END GROUP
OUTPUT(test.elf elf32-littlearm)

.debug_info     0x00000000     0x4960
 .debug_info    0x00000000      0x9ca ..\obj\stm32f4xx_usart.o
 .debug_info    0x000009ca       0xf2 ..\obj\startup_stm32f4xx.o
 .debug_info    0x00000abc      0x1aa ..\obj\main.o
 .debug_info    0x00000c66      0xc63 ..\obj\stm32f4xx_rcc.o
 .debug_info    0x000018c9      0x653 ..\obj\init.o
 .debug_info    0x00001f1c      0x61a ..\obj\stm32f4xx_gpio.o
 .debug_info    0x00002536      0x5c5 ..\obj\system_stm32f4xx.o
 .debug_info    0x00002afb     0x1c69 ..\obj\stm32f4xx_tim.o
 .debug_info    0x00004764      0x1fc ..\obj\usart.o

.debug_abbrev   0x00000000      0xaff
 .debug_abbrev  0x00000000      0x157 ..\obj\stm32f4xx_usart.o
 .debug_abbrev  0x00000157       0xb0 ..\obj\startup_stm32f4xx.o
 .debug_abbrev  0x00000207       0xd2 ..\obj\main.o
 .debug_abbrev  0x000002d9      0x1e5 ..\obj\stm32f4xx_rcc.o
 .debug_abbrev  0x000004be      0x101 ..\obj\init.o
 .debug_abbrev  0x000005bf      0x1a7 ..\obj\stm32f4xx_gpio.o
 .debug_abbrev  0x00000766      0x138 ..\obj\system_stm32f4xx.o
 .debug_abbrev  0x0000089e      0x189 ..\obj\stm32f4xx_tim.o
 .debug_abbrev  0x00000a27       0xd8 ..\obj\usart.o

.debug_aranges  0x00000000      0x6c0
 .debug_aranges
                0x00000000      0x100 ..\obj\stm32f4xx_usart.o
 .debug_aranges
                0x00000100       0x28 ..\obj\startup_stm32f4xx.o
 .debug_aranges
                0x00000128       0x20 ..\obj\main.o
 .debug_aranges
                0x00000148      0x178 ..\obj\stm32f4xx_rcc.o
 .debug_aranges
                0x000002c0       0x20 ..\obj\init.o
 .debug_aranges
                0x000002e0       0x88 ..\obj\stm32f4xx_gpio.o
 .debug_aranges
                0x00000368       0x30 ..\obj\system_stm32f4xx.o
 .debug_aranges
                0x00000398      0x2f8 ..\obj\stm32f4xx_tim.o
 .debug_aranges
                0x00000690       0x30 ..\obj\usart.o

.debug_ranges   0x00000000      0x630
 .debug_ranges  0x00000000       0xf0 ..\obj\stm32f4xx_usart.o
 .debug_ranges  0x000000f0       0x18 ..\obj\startup_stm32f4xx.o
 .debug_ranges  0x00000108       0x10 ..\obj\main.o
 .debug_ranges  0x00000118      0x168 ..\obj\stm32f4xx_rcc.o
 .debug_ranges  0x00000280       0x10 ..\obj\init.o
 .debug_ranges  0x00000290       0x78 ..\obj\stm32f4xx_gpio.o
 .debug_ranges  0x00000308       0x20 ..\obj\system_stm32f4xx.o
 .debug_ranges  0x00000328      0x2e8 ..\obj\stm32f4xx_tim.o
 .debug_ranges  0x00000610       0x20 ..\obj\usart.o

.debug_line     0x00000000     0x2074
 .debug_line    0x00000000      0x4b5 ..\obj\stm32f4xx_usart.o
 .debug_line    0x000004b5       0x98 ..\obj\startup_stm32f4xx.o
 .debug_line    0x0000054d      0x194 ..\obj\main.o
 .debug_line    0x000006e1      0x5a1 ..\obj\stm32f4xx_rcc.o
 .debug_line    0x00000c82      0x220 ..\obj\init.o
 .debug_line    0x00000ea2      0x35c ..\obj\stm32f4xx_gpio.o
 .debug_line    0x000011fe      0x1f0 ..\obj\system_stm32f4xx.o
 .debug_line    0x000013ee      0xabd ..\obj\stm32f4xx_tim.o
 .debug_line    0x00001eab      0x1c9 ..\obj\usart.o

.debug_str      0x00000000     0x1d1b
 .debug_str     0x00000000      0x60b ..\obj\stm32f4xx_usart.o
                                0x686 (size before relaxing)
 .debug_str     0x0000060b       0xa7 ..\obj\startup_stm32f4xx.o
                                0x13e (size before relaxing)
 .debug_str     0x000006b2       0x6b ..\obj\main.o
                                0x1bb (size before relaxing)
 .debug_str     0x0000071d      0x5da ..\obj\stm32f4xx_rcc.o
                                0x847 (size before relaxing)
 .debug_str     0x00000cf7      0x2b8 ..\obj\init.o
                                0x536 (size before relaxing)
 .debug_str     0x00000faf      0x19a ..\obj\stm32f4xx_gpio.o
                                0x49a (size before relaxing)
 .debug_str     0x00001149      0x10f ..\obj\system_stm32f4xx.o
                                0x3a1 (size before relaxing)
 .debug_str     0x00001258      0xa7d ..\obj\stm32f4xx_tim.o
                                0xdc7 (size before relaxing)
 .debug_str     0x00001cd5       0x46 ..\obj\usart.o
                                0x20e (size before relaxing)

.comment        0x00000000       0x6e
 .comment       0x00000000       0x6e ..\obj\stm32f4xx_usart.o
                                 0x6f (size before relaxing)
 .comment       0x0000006e       0x6f ..\obj\startup_stm32f4xx.o
 .comment       0x0000006e       0x6f ..\obj\main.o
 .comment       0x0000006e       0x6f ..\obj\stm32f4xx_rcc.o
 .comment       0x0000006e       0x6f ..\obj\init.o
 .comment       0x0000006e       0x6f ..\obj\stm32f4xx_gpio.o
 .comment       0x0000006e       0x6f ..\obj\system_stm32f4xx.o
 .comment       0x0000006e       0x6f ..\obj\stm32f4xx_tim.o
 .comment       0x0000006e       0x6f ..\obj\usart.o

.ARM.attributes
                0x00000000       0x33
 .ARM.attributes
                0x00000000       0x33 ..\obj\stm32f4xx_usart.o
 .ARM.attributes
                0x00000033       0x33 ..\obj\startup_stm32f4xx.o
 .ARM.attributes
                0x00000066       0x33 ..\obj\main.o
 .ARM.attributes
                0x00000099       0x33 ..\obj\stm32f4xx_rcc.o
 .ARM.attributes
                0x000000cc       0x33 ..\obj\init.o
 .ARM.attributes
                0x000000ff       0x33 ..\obj\stm32f4xx_gpio.o
 .ARM.attributes
                0x00000132       0x33 ..\obj\system_stm32f4xx.o
 .ARM.attributes
                0x00000165       0x33 ..\obj\stm32f4xx_tim.o
 .ARM.attributes
                0x00000198       0x33 ..\obj\usart.o

.debug_frame    0x00000000     0x1d80
 .debug_frame   0x00000000      0x490 ..\obj\stm32f4xx_usart.o
 .debug_frame   0x00000490       0x4c ..\obj\startup_stm32f4xx.o
 .debug_frame   0x000004dc       0x2c ..\obj\main.o
 .debug_frame   0x00000508      0x6d4 ..\obj\stm32f4xx_rcc.o
 .debug_frame   0x00000bdc       0x34 ..\obj\init.o
 .debug_frame   0x00000c10      0x23c ..\obj\stm32f4xx_gpio.o
 .debug_frame   0x00000e4c       0x7c ..\obj\system_stm32f4xx.o
 .debug_frame   0x00000ec8      0xe54 ..\obj\stm32f4xx_tim.o
 .debug_frame   0x00001d1c       0x64 ..\obj\usart.o
